15:09:18 **** Incremental Build of configuration Debug for project q2 ****
make -j12 all 
arm-none-eabi-gcc "../Core/Src/main.c" -mcpu=cortex-m4 -std=gnu11 -g3 -DDEBUG -DUSE_HAL_DRIVER -DSTM32F411xE -c -I../Core/Inc -I../Drivers/STM32F4xx_HAL_Driver/Inc -I../Drivers/STM32F4xx_HAL_Driver/Inc/Legacy -I../Drivers/CMSIS/Device/ST/STM32F4xx/Include -I../Drivers/CMSIS/Include -I../Middlewares/Third_Party/FreeRTOS/Source/include -I../Middlewares/Third_Party/FreeRTOS/Source/CMSIS_RTOS -I../Middlewares/Third_Party/FreeRTOS/Source/portable/GCC/ARM_CM4F -O0 -ffunction-sections -fdata-sections -Wall -fstack-usage -MMD -MP -MF"Core/Src/main.d" -MT"Core/Src/main.o" --specs=nano.specs -mfpu=fpv4-sp-d16 -mfloat-abi=hard -mthumb -o "Core/Src/main.o"
arm-none-eabi-gcc -o "q2.elf" @"objects.list"   -mcpu=cortex-m4 -T"C:\Users\click\OneDrive - Chulalongkorn University\Desktop\Exam-STM32-workspace\q2\STM32F411RETX_FLASH.ld" --specs=nosys.specs -Wl,-Map="q2.map" -Wl,--gc-sections -static --specs=nano.specs -mfpu=fpv4-sp-d16 -mfloat-abi=hard -mthumb -Wl,--start-group -lc -lm -Wl,--end-group
Finished building target: q2.elf
 
arm-none-eabi-size   q2.elf 
arm-none-eabi-objdump -h -S  q2.elf  > "q2.list"
   text	   data	    bss	    dec	    hex	filename
  13812	     24	  17960	  31796	   7c34	q2.elf
Finished building: default.size.stdout
 
Finished building: q2.list
 

15:09:19 Build Finished. 0 errors, 0 warnings. (took 532ms)

