15:52:31 **** Incremental Build of configuration Debug for project testHCSR-04 ****
make -j12 all 
arm-none-eabi-gcc "../Core/Src/main.c" -mcpu=cortex-m4 -std=gnu11 -g3 -DDEBUG -DUSE_HAL_DRIVER -DSTM32F411xE -c -I../Core/Inc -I../Drivers/STM32F4xx_HAL_Driver/Inc -I../Drivers/STM32F4xx_HAL_Driver/Inc/Legacy -I../Drivers/CMSIS/Device/ST/STM32F4xx/Include -I../Drivers/CMSIS/Include -O0 -ffunction-sections -fdata-sections -Wall -fstack-usage -MMD -MP -MF"Core/Src/main.d" -MT"Core/Src/main.o" --specs=nano.specs -mfpu=fpv4-sp-d16 -mfloat-abi=hard -mthumb -o "Core/Src/main.o"
../Core/Src/main.c: In function 'MPU6050_Read_Accel':
../Core/Src/main.c:110:13: warning: implicit declaration of function 'sqrt' [-Wimplicit-function-declaration]
  110 |  float A = (sqrt(Ax * Ax + Ay * Ay + Az * Az) + temp / 100) / 2;
      |             ^~~~
../Core/Src/main.c:110:13: warning: incompatible implicit declaration of built-in function 'sqrt'
../Core/Src/main.c:21:1: note: include '<math.h>' or provide a declaration of 'sqrt'
   20 | #include "main.h"
  +++ |+#include <math.h>
   21 | 
../Core/Src/main.c:115:3: warning: implicit declaration of function 'sprintf' [-Wimplicit-function-declaration]
  115 |   sprintf(buff, "%d", -1);
      |   ^~~~~~~
../Core/Src/main.c:115:3: warning: incompatible implicit declaration of built-in function 'sprintf'
../Core/Src/main.c:21:1: note: include '<stdio.h>' or provide a declaration of 'sprintf'
   20 | #include "main.h"
  +++ |+#include <stdio.h>
   21 | 
../Core/Src/main.c:116:36: warning: implicit declaration of function 'strlen' [-Wimplicit-function-declaration]
  116 |   HAL_UART_Transmit(&huart1, buff, strlen(buff), 100);
      |                                    ^~~~~~
../Core/Src/main.c:116:36: warning: incompatible implicit declaration of built-in function 'strlen'
../Core/Src/main.c:21:1: note: include '<string.h>' or provide a declaration of 'strlen'
   20 | #include "main.h"
  +++ |+#include <string.h>
   21 | 
../Core/Src/main.c:116:30: warning: pointer targets in passing argument 2 of 'HAL_UART_Transmit' differ in signedness [-Wpointer-sign]
  116 |   HAL_UART_Transmit(&huart1, buff, strlen(buff), 100);
      |                              ^~~~
      |                              |
      |                              char *
In file included from ../Core/Inc/stm32f4xx_hal_conf.h:407,
                 from ../Drivers/STM32F4xx_HAL_Driver/Inc/stm32f4xx_hal.h:29,
                 from ../Core/Inc/main.h:30,
                 from ../Core/Src/main.c:20:
../Drivers/STM32F4xx_HAL_Driver/Inc/stm32f4xx_hal_uart.h:722:79: note: expected 'const uint8_t *' {aka 'const unsigned char *'} but argument is of type 'char *'
  722 | HAL_StatusTypeDef HAL_UART_Transmit(UART_HandleTypeDef *huart, const uint8_t *pData, uint16_t Size, uint32_t Timeout);
      |                                                                ~~~~~~~~~~~~~~~^~~~~
../Core/Src/main.c:117:19: warning: format '%d' expects argument of type 'int', but argument 3 has type 'double' [-Wformat=]
  117 |   sprintf(c2, "\r%d\n", A);
      |                  ~^     ~
      |                   |     |
      |                   int   double
      |                  %f
../Core/Src/main.c:119:30: warning: passing argument 2 of 'HAL_UART_Transmit' from incompatible pointer type [-Wincompatible-pointer-types]
  119 |   HAL_UART_Transmit(&huart2, &c2, strlen(c2), 100);
      |                              ^~~
      |                              |
      |                              char (*)[32]
In file included from ../Core/Inc/stm32f4xx_hal_conf.h:407,
                 from ../Drivers/STM32F4xx_HAL_Driver/Inc/stm32f4xx_hal.h:29,
                 from ../Core/Inc/main.h:30,
                 from ../Core/Src/main.c:20:
../Drivers/STM32F4xx_HAL_Driver/Inc/stm32f4xx_hal_uart.h:722:79: note: expected 'const uint8_t *' {aka 'const unsigned char *'} but argument is of type 'char (*)[32]'
  722 | HAL_StatusTypeDef HAL_UART_Transmit(UART_HandleTypeDef *huart, const uint8_t *pData, uint16_t Size, uint32_t Timeout);
      |                                                                ~~~~~~~~~~~~~~~^~~~~
../Core/Src/main.c:121:3: warning: incompatible implicit declaration of built-in function 'sprintf'
  121 |   sprintf(buff, "%d", 0);
      |   ^~~~~~~
../Core/Src/main.c:121:3: note: include '<stdio.h>' or provide a declaration of 'sprintf'
../Core/Src/main.c:122:36: warning: incompatible implicit declaration of built-in function 'strlen'
  122 |   HAL_UART_Transmit(&huart1, buff, strlen(buff), 100);
      |                                    ^~~~~~
../Core/Src/main.c:122:36: note: include '<string.h>' or provide a declaration of 'strlen'
../Core/Src/main.c:122:30: warning: pointer targets in passing argument 2 of 'HAL_UART_Transmit' differ in signedness [-Wpointer-sign]
  122 |   HAL_UART_Transmit(&huart1, buff, strlen(buff), 100);
      |                              ^~~~
      |                              |
      |                              char *
In file included from ../Core/Inc/stm32f4xx_hal_conf.h:407,
                 from ../Drivers/STM32F4xx_HAL_Driver/Inc/stm32f4xx_hal.h:29,
                 from ../Core/Inc/main.h:30,
                 from ../Core/Src/main.c:20:
../Drivers/STM32F4xx_HAL_Driver/Inc/stm32f4xx_hal_uart.h:722:79: note: expected 'const uint8_t *' {aka 'const unsigned char *'} but argument is of type 'char *'
  722 | HAL_StatusTypeDef HAL_UART_Transmit(UART_HandleTypeDef *huart, const uint8_t *pData, uint16_t Size, uint32_t Timeout);
      |                                                                ~~~~~~~~~~~~~~~^~~~~
../Core/Src/main.c: In function 'MPU6050_Read_Gyro':
../Core/Src/main.c:142:12: warning: incompatible implicit declaration of built-in function 'sqrt'
  142 |  float G = sqrt(Gx * Gx + Gy * Gy + Gz * Gz);
      |            ^~~~
../Core/Src/main.c:142:12: note: include '<math.h>' or provide a declaration of 'sqrt'
../Core/Src/main.c:144:2: warning: incompatible implicit declaration of built-in function 'sprintf'
  144 |  sprintf(buff, "\rG : %.2f\n", G);
      |  ^~~~~~~
../Core/Src/main.c:144:2: note: include '<stdio.h>' or provide a declaration of 'sprintf'
../Core/Src/main.c:145:35: warning: incompatible implicit declaration of built-in function 'strlen'
  145 |  HAL_UART_Transmit(&huart1, buff, strlen(buff), 100);
      |                                   ^~~~~~
../Core/Src/main.c:145:35: note: include '<string.h>' or provide a declaration of 'strlen'
../Core/Src/main.c:145:29: warning: pointer targets in passing argument 2 of 'HAL_UART_Transmit' differ in signedness [-Wpointer-sign]
  145 |  HAL_UART_Transmit(&huart1, buff, strlen(buff), 100);
      |                             ^~~~
      |                             |
      |                             char *
In file included from ../Core/Inc/stm32f4xx_hal_conf.h:407,
                 from ../Drivers/STM32F4xx_HAL_Driver/Inc/stm32f4xx_hal.h:29,
                 from ../Core/Inc/main.h:30,
                 from ../Core/Src/main.c:20:
../Drivers/STM32F4xx_HAL_Driver/Inc/stm32f4xx_hal_uart.h:722:79: note: expected 'const uint8_t *' {aka 'const unsigned char *'} but argument is of type 'char *'
  722 | HAL_StatusTypeDef HAL_UART_Transmit(UART_HandleTypeDef *huart, const uint8_t *pData, uint16_t Size, uint32_t Timeout);
      |                                                                ~~~~~~~~~~~~~~~^~~~~
../Core/Src/main.c: In function 'main':
../Core/Src/main.c:214:4: warning: incompatible implicit declaration of built-in function 'sprintf'
  214 |    sprintf(c, "%d", -1);
      |    ^~~~~~~
../Core/Src/main.c:214:4: note: include '<stdio.h>' or provide a declaration of 'sprintf'
../Core/Src/main.c:216:35: warning: incompatible implicit declaration of built-in function 'strlen'
  216 |    HAL_UART_Transmit(&huart1, &c, strlen(c), 100);
      |                                   ^~~~~~
../Core/Src/main.c:216:35: note: include '<string.h>' or provide a declaration of 'strlen'
../Core/Src/main.c:216:31: warning: passing argument 2 of 'HAL_UART_Transmit' from incompatible pointer type [-Wincompatible-pointer-types]
  216 |    HAL_UART_Transmit(&huart1, &c, strlen(c), 100);
      |                               ^~
      |                               |
      |                               char (*)[32]
In file included from ../Core/Inc/stm32f4xx_hal_conf.h:407,
                 from ../Drivers/STM32F4xx_HAL_Driver/Inc/stm32f4xx_hal.h:29,
                 from ../Core/Inc/main.h:30,
                 from ../Core/Src/main.c:20:
../Drivers/STM32F4xx_HAL_Driver/Inc/stm32f4xx_hal_uart.h:722:79: note: expected 'const uint8_t *' {aka 'const unsigned char *'} but argument is of type 'char (*)[32]'
  722 | HAL_StatusTypeDef HAL_UART_Transmit(UART_HandleTypeDef *huart, const uint8_t *pData, uint16_t Size, uint32_t Timeout);
      |                                                                ~~~~~~~~~~~~~~~^~~~~
../Core/Src/main.c:217:31: warning: passing argument 2 of 'HAL_UART_Transmit' from incompatible pointer type [-Wincompatible-pointer-types]
  217 |    HAL_UART_Transmit(&huart2, &c2, strlen(c2), 100);
      |                               ^~~
      |                               |
      |                               char (*)[32]
In file included from ../Core/Inc/stm32f4xx_hal_conf.h:407,
                 from ../Drivers/STM32F4xx_HAL_Driver/Inc/stm32f4xx_hal.h:29,
                 from ../Core/Inc/main.h:30,
                 from ../Core/Src/main.c:20:
../Drivers/STM32F4xx_HAL_Driver/Inc/stm32f4xx_hal_uart.h:722:79: note: expected 'const uint8_t *' {aka 'const unsigned char *'} but argument is of type 'char (*)[32]'
  722 | HAL_StatusTypeDef HAL_UART_Transmit(UART_HandleTypeDef *huart, const uint8_t *pData, uint16_t Size, uint32_t Timeout);
      |                                                                ~~~~~~~~~~~~~~~^~~~~
../Core/Src/main.c:219:4: warning: incompatible implicit declaration of built-in function 'sprintf'
  219 |    sprintf(c, "%d", 0);
      |    ^~~~~~~
../Core/Src/main.c:219:4: note: include '<stdio.h>' or provide a declaration of 'sprintf'
../Core/Src/main.c:220:34: warning: incompatible implicit declaration of built-in function 'strlen'
  220 |    HAL_UART_Transmit(&huart1, c, strlen(c), 100);
      |                                  ^~~~~~
../Core/Src/main.c:220:34: note: include '<string.h>' or provide a declaration of 'strlen'
../Core/Src/main.c:220:31: warning: pointer targets in passing argument 2 of 'HAL_UART_Transmit' differ in signedness [-Wpointer-sign]
  220 |    HAL_UART_Transmit(&huart1, c, strlen(c), 100);
      |                               ^
      |                               |
      |                               char *
In file included from ../Core/Inc/stm32f4xx_hal_conf.h:407,
                 from ../Drivers/STM32F4xx_HAL_Driver/Inc/stm32f4xx_hal.h:29,
                 from ../Core/Inc/main.h:30,
                 from ../Core/Src/main.c:20:
../Drivers/STM32F4xx_HAL_Driver/Inc/stm32f4xx_hal_uart.h:722:79: note: expected 'const uint8_t *' {aka 'const unsigned char *'} but argument is of type 'char *'
  722 | HAL_StatusTypeDef HAL_UART_Transmit(UART_HandleTypeDef *huart, const uint8_t *pData, uint16_t Size, uint32_t Timeout);
      |                                                                ~~~~~~~~~~~~~~~^~~~~
arm-none-eabi-gcc -u _printf_float -o "testHCSR-04.elf" @"objects.list"   -mcpu=cortex-m4 -T"C:\Users\click\OneDrive - Chulalongkorn University\Documents\Study\University\Year 2\Semester-2\Lab-Embeded\projectSTM\testHCSR-04\STM32F411RETX_FLASH.ld" --specs=nosys.specs -Wl,-Map="testHCSR-04.map" -Wl,--gc-sections -static --specs=nano.specs -mfpu=fpv4-sp-d16 -mfloat-abi=hard -mthumb -Wl,--start-group -lc -lm -Wl,--end-group
Finished building target: testHCSR-04.elf
 
arm-none-eabi-size   testHCSR-04.elf 
arm-none-eabi-objdump -h -S  testHCSR-04.elf  > "testHCSR-04.list"
   text	   data	    bss	    dec	    hex	filename
  38112	    484	   1900	  40496	   9e30	testHCSR-04.elf
Finished building: default.size.stdout
 
Finished building: testHCSR-04.list
 

15:52:32 Build Finished. 0 errors, 23 warnings. (took 925ms)

