14:24:21 **** Incremental Build of configuration Debug for project testSerailTransmit ****
make -j12 all 
arm-none-eabi-gcc "../Core/Src/main.c" -mcpu=cortex-m4 -std=gnu11 -g3 -DDEBUG -DUSE_HAL_DRIVER -DSTM32F411xE -c -I../Core/Inc -I../Drivers/STM32F4xx_HAL_Driver/Inc -I../Drivers/STM32F4xx_HAL_Driver/Inc/Legacy -I../Drivers/CMSIS/Device/ST/STM32F4xx/Include -I../Drivers/CMSIS/Include -O0 -ffunction-sections -fdata-sections -Wall -fstack-usage -MMD -MP -MF"Core/Src/main.d" -MT"Core/Src/main.o" --specs=nano.specs -mfpu=fpv4-sp-d16 -mfloat-abi=hard -mthumb -o "Core/Src/main.o"
../Core/Src/main.c: In function 'main':
../Core/Src/main.c:103:4: warning: implicit declaration of function 'sprintf' [-Wimplicit-function-declaration]
  103 |    sprintf(c, "\r%d\n", 1000);
      |    ^~~~~~~
../Core/Src/main.c:103:4: warning: incompatible implicit declaration of built-in function 'sprintf'
../Core/Src/main.c:21:1: note: include '<stdio.h>' or provide a declaration of 'sprintf'
   20 | #include "main.h"
  +++ |+#include <stdio.h>
   21 | 
../Core/Src/main.c:104:35: warning: implicit declaration of function 'strlen' [-Wimplicit-function-declaration]
  104 |     HAL_UART_Transmit(&huart2, c, strlen(c), 100);
      |                                   ^~~~~~
../Core/Src/main.c:104:35: warning: incompatible implicit declaration of built-in function 'strlen'
../Core/Src/main.c:21:1: note: include '<string.h>' or provide a declaration of 'strlen'
   20 | #include "main.h"
  +++ |+#include <string.h>
   21 | 
../Core/Src/main.c:104:32: warning: pointer targets in passing argument 2 of 'HAL_UART_Transmit' differ in signedness [-Wpointer-sign]
  104 |     HAL_UART_Transmit(&huart2, c, strlen(c), 100);
      |                                ^
      |                                |
      |                                char *
In file included from ../Core/Inc/stm32f4xx_hal_conf.h:407,
                 from ../Drivers/STM32F4xx_HAL_Driver/Inc/stm32f4xx_hal.h:29,
                 from ../Core/Inc/main.h:30,
                 from ../Core/Src/main.c:20:
../Drivers/STM32F4xx_HAL_Driver/Inc/stm32f4xx_hal_uart.h:722:79: note: expected 'const uint8_t *' {aka 'const unsigned char *'} but argument is of type 'char *'
  722 | HAL_StatusTypeDef HAL_UART_Transmit(UART_HandleTypeDef *huart, const uint8_t *pData, uint16_t Size, uint32_t Timeout);
      |                                                                ~~~~~~~~~~~~~~~^~~~~
arm-none-eabi-gcc -o "testSerailTransmit.elf" @"objects.list"   -mcpu=cortex-m4 -T"C:\Users\click\OneDrive - Chulalongkorn University\Documents\Study\University\Year 2\Semester-2\Lab-Embeded\projectSTM\testSerailTransmit\STM32F411RETX_FLASH.ld" --specs=nosys.specs -Wl,-Map="testSerailTransmit.map" -Wl,--gc-sections -static --specs=nano.specs -mfpu=fpv4-sp-d16 -mfloat-abi=hard -mthumb -Wl,--start-group -lc -lm -Wl,--end-group
Finished building target: testSerailTransmit.elf
 
arm-none-eabi-size   testSerailTransmit.elf 
arm-none-eabi-objdump -h -S  testSerailTransmit.elf  > "testSerailTransmit.list"
   text	   data	    bss	    dec	    hex	filename
  10828	    120	   1656	  12604	   313c	testSerailTransmit.elf
Finished building: default.size.stdout
 
Finished building: testSerailTransmit.list
 

14:24:22 Build Finished. 0 errors, 5 warnings. (took 540ms)

